[backblue.gif]
[fade.gif]
[index.html]
[wordleplay.com/images/id/favicon.ico]
[wordleplay.com/images/id/apple-touch-icon.png]
[wordleplay.com/images/id/favicon-32x32.png]
[wordleplay.com/images/id/favicon-16x16.png]
[pagead2.googlesyndication.com/pagead/js/fab97.txt]
[www.ezojs.com/ezoic/sa.min.js]
[platform-api.sharethis.com/js/sharethis.js]
[wordleplay.com/images/ios3860.png]
[wordleplay.com/images/android3860.png]
[wordleplay.com/images/games/squares30f4.png]
[wordleplay.com/images/games/combinations30f4.png]
[wordleplay.com/images/games/strands30f4.png]
[wordleplay.com/images/games/connections30f4.png]
[wordleplay.com/images/games/spelling-bee30f4.png]
[wordleplay.com/images/games/blockblast30f4.png]
[wordleplay.com/images/games/sprunki30f4.png]
[wordleplay.com/images/games/infinite-craft30f4.png]
[wordleplay.com/images/games/watermelon30f4.png]
[wordleplay.com/images/games/quordle30f4.png]
[wordleplay.com/images/games/waffle30f4.png]
[wordleplay.com/images/games/crosswordle7b30.png]
[wordleplay.com/images/games/octordle30f4.png]
[wordleplay.com/images/games/watersort30f4.png]
[wordleplay.com/images/games/weavergame30f4.png]
[wordleplay.com/images/games/sudoku3860.png]
[wordleplay.com/images/games/solitaire30f4.png]
[wordleplay.com/images/games/dordle30f4.png]
[pagead2.googlesyndication.com/pagead/js/fdcb4.txt]
[wordleplay.com/infinite-craft.html]
[wordleplay.com/images/wordleplay.jpg]
[wordleplay.com/node_modules/smartbanner.js/dist/smartbanner.min.js]
[wordleplay.com/images/games/wordle30f4.png]
[wordleplay.com/images/games/squares3860.png]
[wordleplay.com/images/games/quordle3860.png]
[wordleplay.com/static/js/wordleplay1b26.js]
[wordleplay.com/images/games/today.png]
[wordleplay.com/images/games/unlimited.png]
[wordleplay.com/images/games/dordle.png]
[wordleplay.com/images/games/quordle.png]
[wordleplay.com/images/games/octordle.png]
[wordleplay.com/images/games/math-wordle.png]
[wordleplay.com/images/games/wordle-for-kids.png]
[wordleplay.com/images/games/lewdle.png]
[wordleplay.com/images/games/weavergame.png]
[wordleplay.com/images/games/weaver-unlimited.png]
[wordleplay.com/images/games/waffle.png]
[wordleplay.com/images/games/heardle.png]
[wordleplay.com/images/games/sedecordle.png]
[wordleplay.com/images/games/foodle.png]
[wordleplay.com/images/games/phrazle.png]
[wordleplay.com/images/games/worldle.png]
[wordleplay.com/images/games/globle.png]
[wordleplay.com/images/games/artle.png]
[wordleplay.com/images/games/moviedle.png]
[wordleplay.com/images/games/duotrigordle.png]
[wordleplay.com/images/games/flagle.png]
[wordleplay.com/images/flag/en.png]
[wordleplay.com/images/flag/uk.png]
[wordleplay.com/images/flag/es.png]
[wordleplay.com/images/flag/de.png]
[wordleplay.com/images/flag/fr.png]
[wordleplay.com/images/flag/pt.png]
[wordleplay.com/images/flag/it.png]
[wordleplay.com/images/flag/nl.png]
[wordleplay.com/images/flag/pl.png]
[wordleplay.com/images/flag/ru.png]
[wordleplay.com/images/flag/tr.png]
[wordleplay.com/images/flag/sv.png]
[wordleplay.com/images/flag/id.png]
[wordleplay.com/images/flag/cs.png]
[wordleplay.com/images/flag/el.png]
[wordleplay.com/images/flag/hu.png]
[wordleplay.com/images/flag/ro.png]
[wordleplay.com/images/flag/sk.png]
[wordleplay.com/images/flag/da.png]
[wordleplay.com/images/flag/ua.png]
[wordleplay.com/images/flag/ie.png]
[wordleplay.com/images/flag/ph.png]
[wordleplay.com/images/flag/no.png]
[wordleplay.com/images/flag/sr.png]
[wordleplay.com/index.html]
[wordleplay.com/images/infinite-craft.html]
[wordleplay.com/images/id/site.html]
[wordleplay.com/images/id/safari-pinned-tab.svg]
[wordleplay.com/css/bootstrap.mine8fc.css]
[wordleplay.com/css/style05c8.css]
[wordleplay.com/vars/infinite-craft/_nuxt/ebf57ea.js]
[wordleplay.com/vars/infinite-craft/_nuxt/681985f.js]
[wordleplay.com/vars/infinite-craft/_nuxt/68da012.js]
[wordleplay.com/vars/infinite-craft/_nuxt/436e85c.js]
[wordleplay.com/vars/infinite-craft/_nuxt/fc927f7.js]
[wordleplay.com/vars/infinite-craft/_nuxt/8108e77.js]
[wordleplay.com/vars/infinite-craft/_nuxt/fonts/Roboto-Medium.70ace38.woff2]
[wordleplay.com/vars/infinite-craft/_nuxt/static/1710125415/infinite-craft/state.js]
[wordleplay.com/vars/infinite-craft/_nuxt/static/1710125415/infinite-craft/payload.js]
[wordleplay.com/vars/infinite-craft/_nuxt/static/1710125415/manifest.js]
[wordleplay.com/vars/infinite-craft/index.html]
[wordleplay.com/vars/solver/js/main.912db9f7.js]
[wordleplay.com/wordle-solver.html]
[wordleplay.com/images/games/infinite-craft.png]
[wordleplay.com/images/games/mahjong.png]
[wordleplay.com/images/games/phoodle.png]
[wordleplay.com/images/games/wordle-2.png]
[wordleplay.com/images/games/poeltl.png]
[wordleplay.com/images/games/star-wordle.png]
[wordleplay.com/images/games/crosswordle.png]
[wordleplay.com/images/games/connections.png]
[wordleplay.com/images/games/combinations.png]
[wordleplay.com/images/games/strands.png]
[wordleplay.com/images/games/suika.png]
[wordleplay.com/images/games/squares.png]
[wordleplay.com/images/games/blossom.png]
[wordleplay.com/images/games/squaredle.png]
[wordleplay.com/images/games/polygonle.png]
[wordleplay.com/images/games/spelling-bee.png]
[wordleplay.com/images/games/la-mot.png]
[wordleplay.com/images/games/wordle-at.png]
[wordleplay.com/images/games/word-play.png]
[wordleplay.com/images/games/hangman.png]
[wordleplay.com/images/games/word-hurdle.png]
[wordleplay.com/images/games/nerdle.png]
[wordleplay.com/images/games/triplet.png]
[wordleplay.com/images/games/weddle.png]
[wordleplay.com/images/games/word-master.png]
[wordleplay.com/images/games/wordle-vs.png]
[wordleplay.com/images/games/guess-the-game.png]
[wordleplay.com/images/games/contexto.png]
[wordleplay.com/images/games/semantle.png]
[wordleplay.com/images/games/literalnie.png]
[wordleplay.com/images/games/countryle.png]
[wordleplay.com/images/games/daydreams.png]
[wordleplay.com/images/games/actorle.png]
[wordleplay.com/images/games/wørdle.png]
[wordleplay.com/images/games/posterdle.png]
[wordleplay.com/images/games/wordle-spanish.png]
[wordleplay.com/images/games/wirdle.png]
[wordleplay.com/images/games/cladder.png]
[wordleplay.com/images/games/beadle.png]
[wordleplay.com/images/games/numberle.png]
[wordleplay.com/images/games/tradle.png]
[wordleplay.com/images/games/redactle.png]
[wordleplay.com/images/games/wordle-global.png]
[wordleplay.com/images/games/boludle.png]
[wordleplay.com/images/games/tusmo.png]
[wordleplay.com/images/games/tweedle.png]
[wordleplay.com/images/games/w-r-o-u-d.png]
[wordleplay.com/images/games/rhyme-time.png]
[wordleplay.com/images/games/squardle.png]
[wordleplay.com/images/games/gram-jam.png]
[wordleplay.com/images/games/symble.png]
[wordleplay.com/images/games/mathler.png]
[wordleplay.com/images/games/drow.png]
[wordleplay.com/images/games/squabble.png]
[wordleplay.com/images/games/wordle-cup.png]
[wordleplay.com/images/games/szarada.png]
[wordleplay.com/images/games/estadi.png]
[wordleplay.com/images/games/ordlig.png]
[wordleplay.com/images/games/ordel.png]
[wordleplay.com/images/games/6mal5.png]
[wordleplay.com/images/games/disney-wordle.png]
[wordleplay.com/images/games/canuckle.png]
[wordleplay.com/images/games/flaggle.png]
[wordleplay.com/images/games/the-wikipedia-game.png]
[wordleplay.com/images/games/easy-wordle.png]
[wordleplay.com/images/games/quintessential.png]
[wordleplay.com/images/games/birdle.png]
[wordleplay.com/images/games/squirdle.png]
[wordleplay.com/images/games/missing11.png]
[wordleplay.com/images/games/mlb-pickle.png]
[wordleplay.com/images/games/byrdle.png]
[wordleplay.com/images/games/chessle.png]
[wordleplay.com/images/games/yeardle.png]
[wordleplay.com/images/games/woodle.png]
[wordleplay.com/images/games/zborle.png]
[wordleplay.com/images/games/termooo.png]
[wordleplay.com/images/games/watse.png]
[wordleplay.com/images/games/lingle.png]
[wordleplay.com/images/games/statele.png]
[wordleplay.com/images/games/tridle.png]
[wordleplay.com/images/games/cinenerdle.png]
[wordleplay.com/images/games/spellie.png]
[wordleplay.com/images/games/cardle.png]
[wordleplay.com/images/games/eldrow.png]
[wordleplay.com/images/games/letterle.png]
[wordleplay.com/images/games/smixed.png]
[wordleplay.com/images/games/emojidle.png]
[wordleplay.com/images/games/footbl.png]
[wordleplay.com/images/games/footle.png]
[wordleplay.com/images/games/wheredle.png]
[wordleplay.com/images/games/chessguessr.png]
[wordleplay.com/images/games/crossy-cross.png]
[wordleplay.com/images/games/wherdle.png]
[wordleplay.com/images/games/hollywoodle.png]
[wordleplay.com/images/games/quizl.png]
[wordleplay.com/images/games/battleshipple.png]
[wordleplay.com/images/games/turdle.png]
[wordleplay.com/images/games/morsle.png]
[wordleplay.com/images/games/citydle.png]
[wordleplay.com/images/games/wordle-for-friends.png]
[wordleplay.com/images/games/myrtle.png]
[wordleplay.com/images/games/stockle.png]
[wordleplay.com/images/games/flagle.io.png]
[wordleplay.com/images/games/worldle-daily.png]
[wordleplay.com/images/games/xordle.png]
[wordleplay.com/images/games/pokle.png]
[wordleplay.com/images/games/word-bord.png]
[wordleplay.com/images/games/tuble.png]
[wordleplay.com/images/games/lyricle.png]
[wordleplay.com/images/games/cowordle.png]
[wordleplay.com/images/games/jazle.png]
[wordleplay.com/images/games/scholardle.png]
[wordleplay.com/images/games/phrasle.png]
[wordleplay.com/images/games/country-guesser.png]
[wordleplay.com/images/games/plotwords.png]
[wordleplay.com/images/games/wordler.png]
[wordleplay.com/images/games/custom-wordle.png]
[wordleplay.com/images/games/peeple.png]
[wordleplay.com/images/games/birdle-game.png]
[wordleplay.com/images/games/popcultured.png]
[wordleplay.com/images/games/primel.png]
[wordleplay.com/images/games/mathle.png]
[wordleplay.com/images/games/wordle-peaks.png]
[wordleplay.com/images/games/mickeyrdle.png]
[wordleplay.com/images/games/murdle.png]
[wordleplay.com/images/games/explordle.png]
[wordleplay.com/images/games/word-rumble.png]
[wordleplay.com/images/games/word500.png]
[wordleplay.com/images/games/passwordle.png]
[wordleplay.com/images/games/album-wtf.png]
[wordleplay.com/images/games/wizarding-wordle.png]
[wordleplay.com/images/games/artistle.png]
[wordleplay.com/images/games/word-rodeo.png]
[wordleplay.com/images/games/stackle.png]
[wordleplay.com/images/games/chrono.png]
[wordleplay.com/images/games/sweardle.png]
[wordleplay.com/images/games/elementle.png]
[wordleplay.com/images/games/hello-wordl.png]
[wordleplay.com/images/games/numble.png]
[wordleplay.com/images/games/warbl.png]
[wordleplay.com/images/games/cinemadle.png]
[wordleplay.com/images/games/wordle-together.png]
[wordleplay.com/images/games/quofee.png]
[wordleplay.com/images/games/worble.png]
[wordleplay.com/images/games/reversle.png]
[wordleplay.com/images/games/fibble.png]
[wordleplay.com/images/games/movlie.png]
[wordleplay.com/images/games/trekle.png]
[wordleplay.com/images/games/wordawazzle.png]
[wordleplay.com/images/games/wordall.png]
[wordleplay.com/images/games/cloudle.png]
[wordleplay.com/images/games/wardle-uk.png]
[wordleplay.com/images/games/word-hoot.png]
[wordleplay.com/images/games/daily-dungeon.png]
[wordleplay.com/images/games/wordle-sk.png]
[wordleplay.com/images/games/wordle-espanol.png]
[wordleplay.com/images/games/srpski-wordle.png]
[wordleplay.com/images/games/woordle-nl.png]
[wordleplay.com/images/games/rechko.png]
[wordleplay.com/images/games/gjett.png]
[wordleplay.com/images/games/sanuli.png]
[wordleplay.com/images/games/slivce.png]
[wordleplay.com/images/games/termo-pt.png]
[wordleplay.com/images/games/wordle-ua.png]
[wordleplay.com/images/games/lexli.png]
[wordleplay.com/images/games/wordle-cl.png]
[wordleplay.com/images/games/saltong.png]
[wordleplay.com/images/games/kelma.png]
[wordleplay.com/images/games/hadejslova.png]
[wordleplay.com/images/games/ð.fo.png]
[wordleplay.com/images/games/wortle.png]
[wordleplay.com/images/games/queerdle.png]
[wordleplay.com/images/games/septle.png]
[wordleplay.com/images/games/blondle.png]
[wordleplay.com/images/games/horsle.png]
[wordleplay.com/images/games/airportle.png]
[wordleplay.com/images/games/lookdle.png]
[wordleplay.com/images/games/sectordle.png]
[wordleplay.com/images/games/decordle.png]
[wordleplay.com/images/games/kilordle.png]
[wordleplay.com/images/games/phordle.png]
[wordleplay.com/images/games/speedle.png]
[wordleplay.com/images/games/thirdle.png]
[wordleplay.com/images/games/wordle-cities.png]
[wordleplay.com/images/games/warmle.png]
[wordleplay.com/images/games/dueldle.png]
[wordleplay.com/images/games/its-a-syn.png]
[wordleplay.com/images/games/griddle.png]
[wordleplay.com/images/games/bookli.png]
[wordleplay.com/images/games/avoidle.png]
[wordleplay.com/images/games/shlyric.png]
[wordleplay.com/images/games/word-huddle.png]
[wordleplay.com/images/games/6times5.png]
[wordleplay.com/images/games/logodle.png]
[wordleplay.com/images/games/wordversary.png]
[wordleplay.com/images/games/pairguess.png]
[wordleplay.com/images/games/slangle.png]
[wordleplay.com/images/games/cuedle.png]
[wordleplay.com/images/games/qomedy-quiz.png]
[wordleplay.com/images/games/mordle.png]
[wordleplay.com/images/games/nmbr14.png]
[wordleplay.com/images/games/songdle.png]
[wordleplay.com/images/games/worcle.png]
[wordleplay.com/images/games/worduel.png]
[wordleplay.com/images/games/daydle.png]
[wordleplay.com/images/games/dragle.png]
[wordleplay.com/images/games/bytle.png]
[wordleplay.com/images/games/dungleon.png]
[wordleplay.com/images/games/musicvidle.png]
[wordleplay.com/images/games/wor-wordle-dle.png]
[wordleplay.com/images/games/wordlix.png]
[wordleplay.com/images/games/monday-punday.png]
[wordleplay.com/images/games/zpordle.png]
[wordleplay.com/images/games/ffxivrdle.png]
[wordleplay.com/images/games/the-hexle.png]
[wordleplay.com/images/games/facedle.png]
[wordleplay.com/images/games/pathsweeper.png]
[wordleplay.com/images/games/yordzzle.png]
[wordleplay.com/images/games/learnle.png]
[wordleplay.com/images/games/letterflash.png]
[wordleplay.com/images/games/three-magic-words.png]
[wordleplay.com/images/games/creek-birdle.png]
[wordleplay.com/images/games/numberdly.png]
[wordleplay.com/images/games/errordle.png]
[wordleplay.com/images/games/chesstacle.png]
[wordleplay.com/images/games/gamed-wtf.png]
[wordleplay.com/images/games/searchdle.png]
[wordleplay.com/images/games/huddle.png]
[wordleplay.com/images/games/colourdle.png]
[wordleplay.com/images/games/obscurdle.png]
[wordleplay.com/images/games/haskle.png]
[wordleplay.com/images/games/onedle.png]
[wordleplay.com/images/games/landmark-wtf.png]
[wordleplay.com/images/games/subwaydle.png]
[wordleplay.com/images/games/four-letter-flow.png]
[wordleplay.com/images/games/wordle10.png]
[wordleplay.com/images/games/alphabreak.png]
[wordleplay.com/images/games/pathd.png]
[wordleplay.com/images/games/playrics.png]
[wordleplay.com/images/games/acrossword.png]
[wordleplay.com/images/games/unlockle.png]
[wordleplay.com/images/games/compositle.png]
[wordleplay.com/images/games/polyordle.png]
[wordleplay.com/images/games/hexle.png]
[wordleplay.com/images/games/commander-codex.png]
[wordleplay.com/images/games/fyvaa.png]
[wordleplay.com/images/games/bibdle.png]
[wordleplay.com/images/games/colorfle.png]
[wordleplay.com/images/games/shabdarasa.png]
[wordleplay.com/images/games/woardle.png]
[wordleplay.com/images/games/rjeckas.png]
[wordleplay.com/images/games/kordle.png]
[wordleplay.com/images/games/wordle-kz.png]
[wordleplay.com/images/games/ordle-no.png]
[wordleplay.com/images/games/papiamento-wordle.png]
[wordleplay.com/images/games/wordalla.png]
[wordleplay.com/images/games/teolog.ooo.png]
[wordleplay.com/images/games/wyrazik.png]
[wordleplay.com/images/games/wuertle.png]
[wordleplay.com/images/games/wordy-se.png]
[wordleplay.com/images/games/hulihua.png]
[wordleplay.com/images/games/wurdl-frl.png]
[wordleplay.com/images/games/pinyin-cai-chengyu.png]
[wordleplay.com/images/games/farsi-wordle.png]
[wordleplay.com/images/games/parolle-it.png]
[wordleplay.com/images/games/rordle-ro.png]
[wordleplay.com/images/games/vaajoor.png]
[wordleplay.com/images/games/vordli.png]
[wordleplay.com/images/games/macwordle.png]
[wordleplay.com/images/games/li-hing-wordle.png]
[wordleplay.com/images/games/navnli.png]
[wordleplay.com/images/games/persian-wordle.png]
[wordleplay.com/images/games/ordbord.png]
[wordleplay.com/images/games/kelmaly.png]
[wordleplay.com/images/games/keclap.png]
[wordleplay.com/images/games/spinoff.png]
[wordleplay.com/wordle-games.html]
[wordleplay.com/terms.html]
[wordleplay.com/privacy-policy.html]
[wordleplay.com/node_modules/smartbanner.js/dist/smartbanner.min.css]
[wordleplay.com/static/css/main.2de5550b1b26.css]
[wordleplay.com/today.html]
[wordleplay.com/unlimited.html]
[wordleplay.com/images/games/watersort3860.png]
[wordleplay.com/4-letter-words.html]
[wordleplay.com/5-letter-words.html]
[wordleplay.com/6-letter-words.html]
[wordleplay.com/7-letter-words.html]
[wordleplay.com/8-letter-words.html]
[wordleplay.com/9-letter-words.html]
[wordleplay.com/10-letter-words.html]
[wordleplay.com/11-letter-words.html]
[wordleplay.com/images/dordle.jpg]
[wordleplay.com/vars/dordle/static/js/dordle5ed3.js]
[wordleplay.com/dordle.html]
[wordleplay.com/images/quordle.jpg]
[wordleplay.com/vars/quordle/static/js/quordle5ed3.js]
[wordleplay.com/quordle.html]
[wordleplay.com/images/octordle.jpg]
[wordleplay.com/vars/octordle/static/js/octordle5ed3.js]
[wordleplay.com/octordle.html]
[wordleplay.com/images/math-wordle.jpg]
[wordleplay.com/vars/math-wordle/math-wordle.js]
[wordleplay.com/math-wordle.html]
[wordleplay.com/images/wordleforkids.jpg]
[wordleplay.com/static/js/main.6cda0f25.js]
[wordleplay.com/wordle-for-kids.html]
[wordleplay.com/lewdle.html]
[wordleplay.com/static/js/wordleplay.js]
[wordleplay.com/weaver.html]
[wordleplay.com/weaver-unlimited.html]
[wordleplay.com/waffle.html]
[wordleplay.com/heardle.html]
[wordleplay.com/vars/sedecordle/static/js/sedecordle.js]
[wordleplay.com/sedecordle.html]
[wordleplay.com/vars/foodle/foodle.js]
[wordleplay.com/vars/foodle/logo.png]
[unpkg.com/ionicons@5.5.2/dist/ionicons/ionicons.esm.js]
[wordleplay.com/foodle.html]
[unpkg.com/ionicons@5.5.2/dist/ionicons/ionicons.js]
[wordleplay.com/phrazle.html]
[wordleplay.com/vars/worldle/worldlef345.js]
[wordleplay.com/node_modules/smartbanner.js/dist/smartbanner.min6654.js]
[wordleplay.com/images/games/globle30f4.png]
[wordleplay.com/images/games/flagle30f4.png]
[wordleplay.com/worldle.html]
[wordleplay.com/globle.html]
[wordleplay.com/artle.html]
[wordleplay.com/moviedle.html]
[wordleplay.com/vars/duotrigordle/duotrigordle.js]
[wordleplay.com/duotrigordle.html]
[wordleplay.com/vars/flagle/js/main.js]
[wordleplay.com/images/games/worldle3860.png]
[wordleplay.com/flagle.html]
[wordleplay.com/wordle-generator.html]
[wordleplay.com/tournament.html]
[wordleplay.com/wewordle.html]
[wordleplay.com/images/wordle_step1.jpg]
[wordleplay.com/images/wordle_step2.jpg]
[wordleplay.com/images/wordle_step3.jpg]
[wordleplay.com/images/wordle_step4.jpg]
[wordleplay.com/uk/index.html]
[wordleplay.com/images/es/wordle_step1.jpg]
[wordleplay.com/images/es/wordle_step2.jpg]
[wordleplay.com/images/es/wordle_step3.jpg]
[wordleplay.com/es/index.html]
[wordleplay.com/de/index.html]
[wordleplay.com/fr/index.html]
[wordleplay.com/pt/index.html]
[wordleplay.com/it/index.html]
[wordleplay.com/nl/index.html]
[wordleplay.com/pl/index.html]
[wordleplay.com/ru/index.html]
[wordleplay.com/tr/index.html]
[wordleplay.com/sv/index.html]
[wordleplay.com/id/index.html]
[wordleplay.com/cs/index.html]
[wordleplay.com/el/index.html]
[wordleplay.com/hu/index.html]
[wordleplay.com/ro/index.html]
[wordleplay.com/sk/index.html]
[wordleplay.com/da/index.html]
[wordleplay.com/ua/index.html]
[wordleplay.com/ie/index.html]
[wordleplay.com/ph/index.html]
[wordleplay.com/no/index.html]
[wordleplay.com/sr/index.html]
[wordleplay.com/vars/infinite-craft/_nuxt/fonts/Roboto-Bold.002079d.html]
[wordleplay.com/vars/infinite-craft/close.svg]
[wordleplay.com/vars/infinite-craft/search.svg]
[wordleplay.com/vars/infinite-craft/trash.svg]
[wordleplay.com/vars/infinite-craft/dark-mode.svg]
[wordleplay.com/vars/infinite-craft/clear.svg]
[wordleplay.com/vars/infinite-craft/sound.svg]
[wordleplay.com/vars/infinite-craft/left-arrow.svg]
[wordleplay.com/vars/infinite-craft/magic.svg]
[wordleplay.com/vars/infinite-craft/time.svg]
[wordleplay.com/vars/infinite-craft/logo.svg]
[wordleplay.com/vars/solver/css/main.9e0e5ad8.css]
[wordleplay.com/wordle-2.html]
[wordleplay.com/poeltl.html]
[wordleplay.com/star-wordle.html]
[fonts.xz.style/serve/inter.css]
[wordleplay.com/vars/crosswordle/polyfills-5cd94c89d3acac5f.js]
[wordleplay.com/vars/crosswordle/webpack-434fefa8f39d8fbc.js]
[wordleplay.com/vars/crosswordle/framework-d1d0986a3b3aecd1.js]
[wordleplay.com/vars/crosswordle/main-c586b89e07064d4a.js]
[wordleplay.com/vars/crosswordle/_app-1a9e82a690c33caa.js]
[wordleplay.com/vars/crosswordle/995-6429394748a39e97.js]
[wordleplay.com/vars/crosswordle/647-78a980d8d6cda550.js]
[wordleplay.com/vars/crosswordle/606-4da817b7fd728ab7.js]
[wordleplay.com/vars/crosswordle/735-f91e7433c56692ec.js]
[wordleplay.com/vars/crosswordle/index-67b06989ad331934.js]
[wordleplay.com/vars/crosswordle/_buildManifest.js]
[wordleplay.com/vars/crosswordle/_ssgManifest.js]
[wordleplay.com/crosswordle.html]
[wordleplay.com/connections.html]
[wordleplay.com/combinations.html]
[wordleplay.com/strands.html]
[wordleplay.com/suika.html]
[wordleplay.com/squares.html]
[wordleplay.com/blossom.html]
[wordleplay.com/squaredle.html]
[wordleplay.com/polygonle.html]
[wordleplay.com/spelling-bee.html]
[wordleplay.com/la-mot.html]
[wordleplay.com/wordle-at.html]
[wordleplay.com/word-play.html]
[wordleplay.com/hangman.html]
[wordleplay.com/word-hurdle.html]
[wordleplay.com/nerdle.html]
[wordleplay.com/triplet.html]
[wordleplay.com/weddle.html]
[wordleplay.com/word-master.html]
[wordleplay.com/wordle-vs.html]
[wordleplay.com/guess-the-game.html]
[wordleplay.com/contexto.html]
[wordleplay.com/semantle.html]
[wordleplay.com/literalnie.html]
[wordleplay.com/countryle.html]
[wordleplay.com/daydreams.html]
[wordleplay.com/actorle.html]
[wordleplay.com/wørdle.html]
[wordleplay.com/posterdle.html]
[wordleplay.com/wordle-spanish.html]
[wordleplay.com/wirdle.html]
[wordleplay.com/cladder.html]
[wordleplay.com/beadle.html]
[wordleplay.com/numberle.html]
[wordleplay.com/tradle.html]
[wordleplay.com/redactle.html]
[wordleplay.com/wordle-global.html]
[wordleplay.com/boludle.html]
[wordleplay.com/tusmo.html]
[wordleplay.com/tweedle.html]
[wordleplay.com/w-r-o-u-d.html]
[wordleplay.com/rhyme-time.html]
[wordleplay.com/squardle.html]
[wordleplay.com/gram-jam.html]
[wordleplay.com/symble.html]
[wordleplay.com/mathler.html]
[wordleplay.com/drow.html]
[wordleplay.com/squabble.html]
[wordleplay.com/wordle-cup.html]
[wordleplay.com/szarada.html]
[wordleplay.com/estadi.html]
[wordleplay.com/ordlig.html]
[wordleplay.com/ordel.html]
[wordleplay.com/6mal5.html]
[wordleplay.com/disney-wordle.html]
[wordleplay.com/canuckle.html]
[wordleplay.com/flaggle.html]
[wordleplay.com/the-wikipedia-game.html]
[wordleplay.com/easy-wordle.html]
[wordleplay.com/quintessential.html]
[wordleplay.com/birdle.html]
[wordleplay.com/squirdle.html]
[wordleplay.com/missing11.html]
[wordleplay.com/mlb-pickle.html]
[wordleplay.com/byrdle.html]
[wordleplay.com/chessle.html]
[wordleplay.com/yeardle.html]
[wordleplay.com/woodle.html]
[wordleplay.com/zborle.html]
[wordleplay.com/termooo.html]
[wordleplay.com/watse.html]
[wordleplay.com/lingle.html]
[wordleplay.com/statele.html]
[wordleplay.com/tridle.html]
[wordleplay.com/cinenerdle.html]
[wordleplay.com/spellie.html]
[wordleplay.com/cardle.html]
[wordleplay.com/eldrow.html]
[wordleplay.com/letterle.html]
[wordleplay.com/smixed.html]
[wordleplay.com/emojidle.html]
[wordleplay.com/footbl.html]
[wordleplay.com/footle.html]
[wordleplay.com/wheredle.html]
[wordleplay.com/chessguessr.html]
[wordleplay.com/crossy-cross.html]
[wordleplay.com/wherdle.html]
[wordleplay.com/hollywoodle.html]
[wordleplay.com/quizl.html]
[wordleplay.com/battleshipple.html]
[wordleplay.com/turdle.html]
[wordleplay.com/morsle.html]
[wordleplay.com/citydle.html]
[wordleplay.com/wordle-for-friends.html]
[wordleplay.com/myrtle.html]
[wordleplay.com/stockle.html]
[wordleplay.com/flagle-2.html]
[wordleplay.com/worldle-daily.html]
[wordleplay.com/xordle.html]
[wordleplay.com/pokle.html]
[wordleplay.com/word-bord.html]
[wordleplay.com/tuble.html]
[wordleplay.com/lyricle.html]
[wordleplay.com/cowordle.html]
[wordleplay.com/jazle.html]
[wordleplay.com/scholardle.html]
[wordleplay.com/phrasle.html]
[wordleplay.com/country-guesser.html]
[wordleplay.com/plotwords.html]
[wordleplay.com/wordler.html]
[wordleplay.com/custom-wordle.html]
[wordleplay.com/peeple.html]
[wordleplay.com/birdle-game.html]
[wordleplay.com/popcultured.html]
[wordleplay.com/primel.html]
[wordleplay.com/mathle.html]
[wordleplay.com/wordle-peaks.html]
[wordleplay.com/mickeyrdle.html]
[wordleplay.com/murdle.html]
[wordleplay.com/explordle.html]
[wordleplay.com/word-rumble.html]
[wordleplay.com/word500.html]
[wordleplay.com/passwordle.html]
[wordleplay.com/album-wtf.html]
[wordleplay.com/wizarding-wordle.html]
[wordleplay.com/artistle.html]
[wordleplay.com/futboldle.html]
[wordleplay.com/word-rodeo.html]
[wordleplay.com/stackle.html]
[wordleplay.com/chrono.html]
[wordleplay.com/sweardle.html]
[wordleplay.com/elementle.html]
[wordleplay.com/hello-wordl.html]
[wordleplay.com/numble.html]
[wordleplay.com/warbl.html]
[wordleplay.com/cinemadle.html]
[wordleplay.com/wordle-together.html]
[wordleplay.com/quofee.html]
[wordleplay.com/worble.html]
[wordleplay.com/reversle.html]
[wordleplay.com/fibble.html]
[wordleplay.com/movlie.html]
[wordleplay.com/trekle.html]
[wordleplay.com/wordawazzle.html]
[wordleplay.com/wordall.html]
[wordleplay.com/cloudle.html]
[wordleplay.com/wardle-uk.html]
[wordleplay.com/word-hoot.html]
[wordleplay.com/daily-dungeon.html]
[wordleplay.com/wordle-sk.html]
[wordleplay.com/wordle-espanol.html]
[wordleplay.com/srpski-wordle.html]
[wordleplay.com/woordle-nl.html]
[wordleplay.com/rechko.html]
[wordleplay.com/gjett.html]
[wordleplay.com/sanuli.html]
[wordleplay.com/slivce.html]
[wordleplay.com/termo-pt.html]
[wordleplay.com/wordle-ua.html]
[wordleplay.com/lexli.html]
[wordleplay.com/wordle-cl.html]
[wordleplay.com/saltong.html]
[wordleplay.com/kelma.html]
[wordleplay.com/hadejslova.html]
[wordleplay.com/ð.html]
[wordleplay.com/wortle.html]
[wordleplay.com/queerdle.html]
[wordleplay.com/septle.html]
[wordleplay.com/blondle.html]
[wordleplay.com/horsle.html]
[wordleplay.com/airportle.html]
[wordleplay.com/lookdle.html]
[wordleplay.com/sectordle.html]
[wordleplay.com/decordle.html]
[wordleplay.com/kilordle.html]
[wordleplay.com/phordle.html]
[wordleplay.com/pokedle.html]
[wordleplay.com/speedle.html]
[wordleplay.com/thirdle.html]
[wordleplay.com/wordle-cities.html]
[wordleplay.com/warmle.html]
[wordleplay.com/dueldle.html]
[wordleplay.com/its-a-syn.html]
[wordleplay.com/griddle.html]
[wordleplay.com/bookli.html]
[wordleplay.com/avoidle.html]
[wordleplay.com/shlyric.html]
[wordleplay.com/word-huddle.html]
[wordleplay.com/6times5.html]
[wordleplay.com/logodle.html]
[wordleplay.com/wordversary.html]
[wordleplay.com/pairguess.html]
[wordleplay.com/slangle.html]
[wordleplay.com/cuedle.html]
[wordleplay.com/qomedy-quiz.html]
[wordleplay.com/mordle.html]
[wordleplay.com/nmbr14.html]
[wordleplay.com/songdle.html]
[wordleplay.com/worcle.html]
[wordleplay.com/worduel.html]
[wordleplay.com/daydle.html]
[wordleplay.com/dragle.html]
[wordleplay.com/bytle.html]
[wordleplay.com/dungleon.html]
[wordleplay.com/musicvidle.html]
[wordleplay.com/wor-wordle-dle.html]
[wordleplay.com/wordlix.html]
[wordleplay.com/monday-punday.html]
[wordleplay.com/zpordle.html]
[wordleplay.com/ffxivrdle.html]
[wordleplay.com/the-hexle.html]
[wordleplay.com/facedle.html]
[wordleplay.com/pathsweeper.html]
[wordleplay.com/yordzzle.html]
[wordleplay.com/learnle.html]
[wordleplay.com/letterflash.html]
[wordleplay.com/three-magic-words.html]
[wordleplay.com/creek-birdle.html]
[wordleplay.com/numberdly.html]
[wordleplay.com/errordle.html]
[wordleplay.com/chesstacle.html]
[wordleplay.com/gamed-wtf.html]
[wordleplay.com/searchdle.html]
[wordleplay.com/huddle.html]
[wordleplay.com/colourdle.html]
[wordleplay.com/obscurdle.html]
[wordleplay.com/haskle.html]
[wordleplay.com/onedle.html]
[wordleplay.com/landmark-wtf.html]
[wordleplay.com/subwaydle.html]
[wordleplay.com/four-letter-flow.html]
[wordleplay.com/wordle10.html]
[wordleplay.com/alphabreak.html]
[wordleplay.com/pathd.html]
[wordleplay.com/playrics.html]
[wordleplay.com/acrossword.html]
[wordleplay.com/unlockle.html]
[wordleplay.com/compositle.html]
[wordleplay.com/polyordle.html]
[wordleplay.com/hexle.html]
[wordleplay.com/commander-codex.html]
[wordleplay.com/fyvaa.html]
[wordleplay.com/bibdle.html]
[wordleplay.com/colorfle.html]
[wordleplay.com/shabdarasa.html]
[wordleplay.com/woardle.html]
[wordleplay.com/rjeckas.html]
[wordleplay.com/kordle.html]
[wordleplay.com/wordle-kz.html]
[wordleplay.com/ordle-no.html]
[wordleplay.com/papiamento-wordle.html]
[wordleplay.com/wordalla.html]
[wordleplay.com/teolog.html]
[wordleplay.com/wyrazik.html]
[wordleplay.com/wuertle.html]
[wordleplay.com/wordy-se.html]
[wordleplay.com/hulihua.html]
[wordleplay.com/wurdl-frl.html]
[wordleplay.com/pinyin-cai-chengyu.html]
[wordleplay.com/farsi-wordle.html]
[wordleplay.com/parolle-it.html]
[wordleplay.com/rordle-ro.html]
[wordleplay.com/vaajoor.html]
[wordleplay.com/vordli.html]
[wordleplay.com/macwordle.html]
[wordleplay.com/li-hing-wordle.html]
[wordleplay.com/navnli.html]
[wordleplay.com/persian-wordle.html]
[wordleplay.com/ordbord.html]
[wordleplay.com/kelmaly.html]
[wordleplay.com/keclap.html]
[wordleplay.com/sudorkle.html]
[wordleplay.com/borderle.html]
[wordleplay.com/dayfine.html]
[wordleplay.com/periodle.html]
[wordleplay.com/letterblocked.html]
[wordleplay.com/geowords.html]
[wordleplay.com/minecraftle.html]
[wordleplay.com/real-crosswordle.html]
[wordleplay.com/squareword.html]
[wordleplay.com/dumble.html]
[wordleplay.com/blurrdle.html]
[wordleplay.com/whodle.html]
[wordleplay.com/linkr.html]
[wordleplay.com/wallows-heardle.html]
[wordleplay.com/phourword.html]
[wordleplay.com/quolture.html]
[wordleplay.com/moistle.html]
[wordleplay.com/debuggle.html]
[wordleplay.com/buildly.html]
[wordleplay.com/ibrandle.html]
[wordleplay.com/drugle.html]
[wordleplay.com/locatle.html]
[wordleplay.com/iykyk.html]
[wordleplay.com/word-guesser.html]
[wordleplay.com/interword.html]
[wordleplay.com/babelle.html]
[wordleplay.com/cluedle.html]
[wordleplay.com/playnerdle.html]
[wordleplay.com/pawrdle.html]
[wordleplay.com/bordle.html]
[wordleplay.com/growdle.html]
[wordleplay.com/colour-match.html]
[wordleplay.com/6by6.html]
[wordleplay.com/fast-four-word.html]
[wordleplay.com/crissword.html]
[wordleplay.com/lattice.html]
[wordleplay.com/twords.html]
[wordleplay.com/enchant-worldle.html]
[wordleplay.com/dodle.html]
[wordleplay.com/gomezle.html]
[wordleplay.com/filmle.html]
[wordleplay.com/flagdle.html]
[wordleplay.com/zordle.html]
[wordleplay.com/wordder.html]
[wordleplay.com/perfdle.html]
[wordleplay.com/emovi.html]
[wordleplay.com/yerdle.html]
[wordleplay.com/64ordle.html]
[wordleplay.com/themedle.html]
[wordleplay.com/hang-man.html]
[wordleplay.com/oundle.html]
[wordleplay.com/linkle.html]
[wordleplay.com/termy.html]
[wordleplay.com/cludl.html]
[wordleplay.com/yeezle.html]
[wordleplay.com/counter-strikle.html]
[wordleplay.com/blockle.html]
[wordleplay.com/dont-wordle.html]
[wordleplay.com/qwordle.html]
[wordleplay.com/codle.html]
[wordleplay.com/lettershot.html]
[wordleplay.com/griddler.html]
[wordleplay.com/tacticle.html]
[wordleplay.com/rolldle.html]
[wordleplay.com/hondo.html]
[wordleplay.com/swordle.html]
[wordleplay.com/more-wordle.html]
[wordleplay.com/unlimited5a4e.html]
[wordleplay.com/revertle.html]
[wordleplay.com/seindle.html]
[wordleplay.com/kanyerdle.html]
[wordleplay.com/anywordle.html]
[wordleplay.com/numbers-round.html]
[wordleplay.com/changelist.html]
[wordleplay.com/adverswordle.html]
[wordleplay.com/wordosis.html]
[wordleplay.com/qwrtl.html]
[wordleplay.com/cuberdle.html]
[wordleplay.com/feudle.html]
[wordleplay.com/summle.html]
[wordleplay.com/nordle.html]
[wordleplay.com/metrodle.html]
[wordleplay.com/sqwordle.html]
[wordleplay.com/images/games/futboldle.png]
[wordleplay.com/images/games/pokedle.png]
[wordleplay.com/blankle.html]
[wordleplay.com/moledle.html]
[wordleplay.com/quizdle.html]
[wordleplay.com/seven-wordles.html]
[wordleplay.com/wordipede.html]
[wordleplay.com/quidle.html]
[wordleplay.com/it's-a-syn.html]
[wordleplay.com/wordinate.html]
[wordleplay.com/unwordle.html]
[wordleplay.com/bludle.html]
[wordleplay.com/reaction.html]
[wordleplay.com/musicle.html]
[wordleplay.com/mahjong-handle.html]
[wordleplay.com/palabrije.html]
[wordleplay.com/dodle-ai.html]
[wordleplay.com/dohdle.html]
[wordleplay.com/hollywood-stardle.html]
[wordleplay.com/confusle.html]
[wordleplay.com/wordle-wordle.html]
[wordleplay.com/quina.html]
[wordleplay.com/tennis-wordle.html]
[wordleplay.com/kids-lingo.html]
[wordleplay.com/caici.html]
[wordleplay.com/vocabulo.html]
[wordleplay.com/literalnie-bez-limitu.html]
[wordleplay.com/kanji-wordle.html]
[wordleplay.com/verbdum.html]
[wordleplay.com/xorkaton.html]
[wordleplay.com/ordsnille.html]
[wordleplay.com/riddle.html]
[wordleplay.com/css/bootstrap.min.css]
[wordleplay.com/css/style.css]
[wordleplay.com/vars/dordle/static/css/dordle5ed3.css]
[wordleplay.com/vars/quordle/static/css/quordle97ed.css]
[wordleplay.com/vars/octordle/static/css/octordle5ed3.css]
[wordleplay.com/vars/math-wordle/math-wordle.svg]
[wordleplay.com/vars/math-wordle/math-wordle.css]
[wordleplay.com/images/lewdle.svg]
[wordleplay.com/images/waffle.html]
[wordleplay.com/images/sedecordle.html]
[wordleplay.com/css/stylee6dd.css]
[wordleplay.com/vars/sedecordle/static/css/sedecordle.css]
[wordleplay.com/images/foodle.html]
[wordleplay.com/vars/foodle/foodle.css]
[wordleplay.com/images/phrazle.html]
[wordleplay.com/images/worldle.html]
[wordleplay.com/vars/worldle/worldle1b26.css]
[wordleplay.com/node_modules/smartbanner.js/dist/smartbanner.min6654.css]
[wordleplay.com/images/globle.html]
[wordleplay.com/images/artle.html]
[wordleplay.com/images/moviedle.html]
[wordleplay.com/images/duotrigordle.html]
[wordleplay.com/vars/duotrigordle/duotrigordle.css]
[wordleplay.com/images/flagle.html]
[wordleplay.com/vars/flagle/css/main.css]
[wordleplay.com/GET.html]
[wordleplay.com/x.html]
[wordleplay.com/uk/node_modules/smartbanner.js/dist/smartbanner.min.html]
[wordleplay.com/uk/node_modules/smartbanner.js/dist/smartbanner.min-2.html]
[wordleplay.com/uk/wordle-solver.html]
[wordleplay.com/uk/today.html]
[wordleplay.com/uk/unlimited.html]
[wordleplay.com/uk/4-letter-words.html]
[wordleplay.com/uk/5-letter-words.html]
[wordleplay.com/uk/6-letter-words.html]
[wordleplay.com/uk/7-letter-words.html]
[wordleplay.com/uk/8-letter-words.html]
[wordleplay.com/uk/9-letter-words.html]
[wordleplay.com/uk/10-letter-words.html]
[wordleplay.com/uk/11-letter-words.html]
[wordleplay.com/uk/dordle.html]
[wordleplay.com/uk/quordle.html]
[wordleplay.com/uk/octordle.html]
[wordleplay.com/uk/math-wordle.html]
[wordleplay.com/uk/wordle-generator.html]
[wordleplay.com/uk/tournament.html]
[wordleplay.com/es/node_modules/smartbanner.js/dist/smartbanner.min.html]
[wordleplay.com/es/node_modules/smartbanner.js/dist/smartbanner.min-2.html]
[wordleplay.com/es/wordle-solver.html]
[wordleplay.com/es/today.html]
[wordleplay.com/es/unlimited.html]
[wordleplay.com/es/4-letter-words.html]
[wordleplay.com/es/5-letter-words.html]
[wordleplay.com/es/6-letter-words.html]
[wordleplay.com/es/7-letter-words.html]
[wordleplay.com/es/8-letter-words.html]
[wordleplay.com/es/9-letter-words.html]
[wordleplay.com/es/10-letter-words.html]
[wordleplay.com/es/11-letter-words.html]
[wordleplay.com/es/dordle.html]
[wordleplay.com/es/quordle.html]
[wordleplay.com/es/octordle.html]
[wordleplay.com/es/math-wordle.html]
[wordleplay.com/es/wordle-generator.html]
[wordleplay.com/es/tournament.html]
[wordleplay.com/de/node_modules/smartbanner.js/dist/smartbanner.min.html]
[wordleplay.com/de/node_modules/smartbanner.js/dist/smartbanner.min-2.html]
[wordleplay.com/de/wordle-solver.html]
[wordleplay.com/de/today.html]
[wordleplay.com/de/unlimited.html]
[wordleplay.com/de/4-letter-words.html]
[wordleplay.com/de/5-letter-words.html]
[wordleplay.com/de/6-letter-words.html]
[wordleplay.com/de/7-letter-words.html]
[wordleplay.com/de/8-letter-words.html]
[wordleplay.com/de/9-letter-words.html]
[wordleplay.com/de/10-letter-words.html]
[wordleplay.com/de/11-letter-words.html]
[wordleplay.com/de/dordle.html]
[wordleplay.com/de/quordle.html]
[wordleplay.com/de/octordle.html]
[wordleplay.com/de/math-wordle.html]
[wordleplay.com/de/wordle-generator.html]
[wordleplay.com/de/tournament.html]
[wordleplay.com/fr/node_modules/smartbanner.js/dist/smartbanner.min.html]
[wordleplay.com/fr/node_modules/smartbanner.js/dist/smartbanner.min-2.html]
[wordleplay.com/fr/wordle-solver.html]
[wordleplay.com/fr/today.html]
[wordleplay.com/fr/unlimited.html]
[wordleplay.com/fr/4-letter-words.html]
[wordleplay.com/fr/5-letter-words.html]
[wordleplay.com/fr/6-letter-words.html]
[wordleplay.com/fr/7-letter-words.html]
[wordleplay.com/fr/8-letter-words.html]
[wordleplay.com/fr/9-letter-words.html]
[wordleplay.com/fr/10-letter-words.html]
[wordleplay.com/fr/11-letter-words.html]
[wordleplay.com/fr/dordle.html]
[wordleplay.com/fr/quordle.html]
[wordleplay.com/fr/octordle.html]
[wordleplay.com/fr/math-wordle.html]
[wordleplay.com/fr/wordle-generator.html]
[wordleplay.com/fr/tournament.html]
[wordleplay.com/pt/node_modules/smartbanner.js/dist/smartbanner.min.html]
[wordleplay.com/pt/node_modules/smartbanner.js/dist/smartbanner.min-2.html]
[wordleplay.com/pt/wordle-solver.html]
[wordleplay.com/pt/today.html]
[wordleplay.com/pt/unlimited.html]
[wordleplay.com/pt/4-letter-words.html]
[wordleplay.com/pt/5-letter-words.html]
[wordleplay.com/pt/6-letter-words.html]
[wordleplay.com/pt/7-letter-words.html]
[wordleplay.com/pt/8-letter-words.html]
[wordleplay.com/pt/9-letter-words.html]
[wordleplay.com/pt/10-letter-words.html]
[wordleplay.com/pt/11-letter-words.html]
[wordleplay.com/pt/dordle.html]
[wordleplay.com/pt/quordle.html]
[wordleplay.com/pt/octordle.html]
[wordleplay.com/pt/math-wordle.html]
[wordleplay.com/pt/wordle-generator.html]
[wordleplay.com/pt/tournament.html]
[wordleplay.com/it/node_modules/smartbanner.js/dist/smartbanner.min.html]
[wordleplay.com/it/node_modules/smartbanner.js/dist/smartbanner.min-2.html]
[wordleplay.com/it/wordle-solver.html]
[wordleplay.com/it/today.html]
[wordleplay.com/it/unlimited.html]
[wordleplay.com/it/4-letter-words.html]
[wordleplay.com/it/5-letter-words.html]
[wordleplay.com/it/6-letter-words.html]
[wordleplay.com/it/7-letter-words.html]
[wordleplay.com/it/8-letter-words.html]
[wordleplay.com/it/9-letter-words.html]
[wordleplay.com/it/10-letter-words.html]
[wordleplay.com/it/11-letter-words.html]
[wordleplay.com/it/dordle.html]
[wordleplay.com/it/quordle.html]
[wordleplay.com/it/octordle.html]
[wordleplay.com/it/math-wordle.html]
[wordleplay.com/it/wordle-generator.html]
[wordleplay.com/it/tournament.html]
[wordleplay.com/nl/node_modules/smartbanner.js/dist/smartbanner.min.html]
[wordleplay.com/nl/node_modules/smartbanner.js/dist/smartbanner.min-2.html]
[wordleplay.com/nl/wordle-solver.html]
[wordleplay.com/nl/today.html]
[wordleplay.com/nl/unlimited.html]
[wordleplay.com/nl/4-letter-words.html]
[wordleplay.com/nl/5-letter-words.html]
[wordleplay.com/nl/6-letter-words.html]
[wordleplay.com/nl/7-letter-words.html]
[wordleplay.com/nl/8-letter-words.html]
[wordleplay.com/nl/9-letter-words.html]
[wordleplay.com/nl/10-letter-words.html]
[wordleplay.com/nl/11-letter-words.html]
[wordleplay.com/nl/dordle.html]
[wordleplay.com/nl/quordle.html]
[wordleplay.com/nl/octordle.html]
[wordleplay.com/nl/math-wordle.html]
[wordleplay.com/nl/wordle-generator.html]
[wordleplay.com/nl/tournament.html]
[wordleplay.com/pl/node_modules/smartbanner.js/dist/smartbanner.min.html]
[wordleplay.com/pl/node_modules/smartbanner.js/dist/smartbanner.min-2.html]
[wordleplay.com/pl/wordle-solver.html]
[wordleplay.com/pl/today.html]
[wordleplay.com/pl/unlimited.html]
[wordleplay.com/pl/4-letter-words.html]
[wordleplay.com/pl/5-letter-words.html]
[wordleplay.com/pl/6-letter-words.html]
[wordleplay.com/pl/7-letter-words.html]
[wordleplay.com/pl/8-letter-words.html]
[wordleplay.com/pl/9-letter-words.html]
[wordleplay.com/pl/10-letter-words.html]
[wordleplay.com/pl/11-letter-words.html]
[wordleplay.com/pl/dordle.html]
[wordleplay.com/pl/quordle.html]
[wordleplay.com/pl/octordle.html]
[wordleplay.com/pl/math-wordle.html]
[wordleplay.com/pl/wordle-generator.html]
[wordleplay.com/pl/tournament.html]
[wordleplay.com/ru/node_modules/smartbanner.js/dist/smartbanner.min.html]
[wordleplay.com/ru/node_modules/smartbanner.js/dist/smartbanner.min-2.html]
[wordleplay.com/ru/wordle-solver.html]
[wordleplay.com/ru/today.html]
[wordleplay.com/ru/unlimited.html]
[wordleplay.com/ru/4-letter-words.html]
[wordleplay.com/ru/5-letter-words.html]
[wordleplay.com/ru/6-letter-words.html]
[wordleplay.com/ru/7-letter-words.html]
[wordleplay.com/ru/8-letter-words.html]
[wordleplay.com/ru/9-letter-words.html]
[wordleplay.com/ru/10-letter-words.html]
[wordleplay.com/ru/11-letter-words.html]
[wordleplay.com/ru/dordle.html]
[wordleplay.com/ru/quordle.html]
[wordleplay.com/ru/octordle.html]
[wordleplay.com/ru/math-wordle.html]
[wordleplay.com/ru/wordle-generator.html]
[wordleplay.com/ru/tournament.html]
[wordleplay.com/tr/node_modules/smartbanner.js/dist/smartbanner.min.html]
[wordleplay.com/tr/node_modules/smartbanner.js/dist/smartbanner.min-2.html]
[wordleplay.com/tr/wordle-solver.html]
[wordleplay.com/tr/today.html]
[wordleplay.com/tr/unlimited.html]
[wordleplay.com/tr/4-letter-words.html]
[wordleplay.com/tr/5-letter-words.html]
[wordleplay.com/tr/6-letter-words.html]
[wordleplay.com/tr/7-letter-words.html]
[wordleplay.com/tr/8-letter-words.html]
[wordleplay.com/tr/9-letter-words.html]
[wordleplay.com/tr/10-letter-words.html]
[wordleplay.com/tr/11-letter-words.html]
[wordleplay.com/tr/dordle.html]
[wordleplay.com/tr/quordle.html]
[wordleplay.com/tr/octordle.html]
[wordleplay.com/tr/math-wordle.html]
[wordleplay.com/tr/wordle-generator.html]
[wordleplay.com/tr/tournament.html]
[wordleplay.com/sv/node_modules/smartbanner.js/dist/smartbanner.min.html]
[wordleplay.com/sv/node_modules/smartbanner.js/dist/smartbanner.min-2.html]
[wordleplay.com/sv/wordle-solver.html]
[wordleplay.com/sv/today.html]
[wordleplay.com/sv/unlimited.html]
[wordleplay.com/sv/4-letter-words.html]
[wordleplay.com/sv/5-letter-words.html]
[wordleplay.com/sv/6-letter-words.html]
[wordleplay.com/sv/7-letter-words.html]
[wordleplay.com/sv/8-letter-words.html]
[wordleplay.com/sv/9-letter-words.html]
[wordleplay.com/sv/10-letter-words.html]
[wordleplay.com/sv/11-letter-words.html]
[wordleplay.com/sv/dordle.html]
[wordleplay.com/sv/quordle.html]
[wordleplay.com/sv/octordle.html]
[wordleplay.com/sv/math-wordle.html]
[wordleplay.com/sv/wordle-generator.html]
[wordleplay.com/sv/tournament.html]
[wordleplay.com/id/node_modules/smartbanner.js/dist/smartbanner.min.html]
[wordleplay.com/id/node_modules/smartbanner.js/dist/smartbanner.min-2.html]
[wordleplay.com/id/wordle-solver.html]
[wordleplay.com/id/today.html]
[wordleplay.com/id/unlimited.html]
[wordleplay.com/id/4-letter-words.html]
[wordleplay.com/id/5-letter-words.html]
[wordleplay.com/id/6-letter-words.html]
[wordleplay.com/id/7-letter-words.html]
[wordleplay.com/id/8-letter-words.html]
[wordleplay.com/id/9-letter-words.html]
[wordleplay.com/id/10-letter-words.html]
[wordleplay.com/id/11-letter-words.html]
[wordleplay.com/id/dordle.html]
[wordleplay.com/id/quordle.html]
[wordleplay.com/id/octordle.html]
[wordleplay.com/id/math-wordle.html]
[wordleplay.com/id/wordle-generator.html]
[wordleplay.com/id/tournament.html]
[wordleplay.com/cs/node_modules/smartbanner.js/dist/smartbanner.min.html]
[wordleplay.com/cs/node_modules/smartbanner.js/dist/smartbanner.min-2.html]
[wordleplay.com/cs/wordle-solver.html]
[wordleplay.com/cs/today.html]
[wordleplay.com/cs/unlimited.html]
[wordleplay.com/cs/4-letter-words.html]
[wordleplay.com/cs/5-letter-words.html]
[wordleplay.com/cs/6-letter-words.html]
[wordleplay.com/cs/7-letter-words.html]
[wordleplay.com/cs/8-letter-words.html]
[wordleplay.com/cs/9-letter-words.html]
[wordleplay.com/cs/10-letter-words.html]
[wordleplay.com/cs/11-letter-words.html]
[wordleplay.com/cs/dordle.html]
[wordleplay.com/cs/quordle.html]
[wordleplay.com/cs/octordle.html]
[wordleplay.com/cs/math-wordle.html]
[wordleplay.com/cs/wordle-generator.html]
[wordleplay.com/cs/tournament.html]
[wordleplay.com/el/node_modules/smartbanner.js/dist/smartbanner.min.html]
[wordleplay.com/el/node_modules/smartbanner.js/dist/smartbanner.min-2.html]
[wordleplay.com/el/wordle-solver.html]
[wordleplay.com/el/today.html]
[wordleplay.com/el/unlimited.html]
[wordleplay.com/el/4-letter-words.html]
[wordleplay.com/el/5-letter-words.html]
[wordleplay.com/el/6-letter-words.html]
[wordleplay.com/el/7-letter-words.html]
[wordleplay.com/el/8-letter-words.html]
[wordleplay.com/el/9-letter-words.html]
[wordleplay.com/el/10-letter-words.html]
[wordleplay.com/el/11-letter-words.html]
[wordleplay.com/el/dordle.html]
[wordleplay.com/el/quordle.html]
[wordleplay.com/el/octordle.html]
[wordleplay.com/el/math-wordle.html]
[wordleplay.com/el/wordle-generator.html]
[wordleplay.com/el/tournament.html]
[wordleplay.com/hu/node_modules/smartbanner.js/dist/smartbanner.min.html]
[wordleplay.com/hu/node_modules/smartbanner.js/dist/smartbanner.min-2.html]
[wordleplay.com/hu/wordle-solver.html]
[wordleplay.com/hu/today.html]
[wordleplay.com/hu/unlimited.html]
[wordleplay.com/hu/4-letter-words.html]
[wordleplay.com/hu/5-letter-words.html]
[wordleplay.com/hu/6-letter-words.html]
[wordleplay.com/hu/7-letter-words.html]
[wordleplay.com/hu/8-letter-words.html]
[wordleplay.com/hu/9-letter-words.html]
[wordleplay.com/hu/10-letter-words.html]
[wordleplay.com/hu/11-letter-words.html]
[wordleplay.com/hu/dordle.html]
[wordleplay.com/hu/quordle.html]
[wordleplay.com/hu/octordle.html]
[wordleplay.com/hu/math-wordle.html]
[wordleplay.com/hu/wordle-generator.html]
[wordleplay.com/hu/tournament.html]
[wordleplay.com/ro/node_modules/smartbanner.js/dist/smartbanner.min.html]
[wordleplay.com/ro/node_modules/smartbanner.js/dist/smartbanner.min-2.html]
[wordleplay.com/ro/wordle-solver.html]
[wordleplay.com/ro/today.html]
[wordleplay.com/ro/unlimited.html]
[wordleplay.com/ro/4-letter-words.html]
[wordleplay.com/ro/5-letter-words.html]
[wordleplay.com/ro/6-letter-words.html]
[wordleplay.com/ro/7-letter-words.html]
[wordleplay.com/ro/8-letter-words.html]
[wordleplay.com/ro/9-letter-words.html]
[wordleplay.com/ro/10-letter-words.html]
[wordleplay.com/ro/11-letter-words.html]
[wordleplay.com/ro/dordle.html]
[wordleplay.com/ro/quordle.html]
[wordleplay.com/ro/octordle.html]
[wordleplay.com/ro/math-wordle.html]
[wordleplay.com/ro/wordle-generator.html]
[wordleplay.com/ro/tournament.html]
[wordleplay.com/sk/node_modules/smartbanner.js/dist/smartbanner.min.html]
[wordleplay.com/sk/node_modules/smartbanner.js/dist/smartbanner.min-2.html]
[wordleplay.com/sk/wordle-solver.html]
[wordleplay.com/sk/today.html]
[wordleplay.com/sk/unlimited.html]
[wordleplay.com/sk/4-letter-words.html]
[wordleplay.com/sk/5-letter-words.html]
[wordleplay.com/sk/6-letter-words.html]
[wordleplay.com/sk/7-letter-words.html]
[wordleplay.com/sk/8-letter-words.html]
[wordleplay.com/sk/9-letter-words.html]
[wordleplay.com/sk/10-letter-words.html]
[wordleplay.com/sk/11-letter-words.html]
[wordleplay.com/sk/dordle.html]
[wordleplay.com/sk/quordle.html]
[wordleplay.com/sk/octordle.html]
[wordleplay.com/sk/math-wordle.html]
[wordleplay.com/sk/wordle-generator.html]
[wordleplay.com/sk/tournament.html]
[wordleplay.com/da/node_modules/smartbanner.js/dist/smartbanner.min.html]
[wordleplay.com/da/node_modules/smartbanner.js/dist/smartbanner.min-2.html]
[wordleplay.com/da/wordle-solver.html]
[wordleplay.com/da/today.html]
[wordleplay.com/da/unlimited.html]
[wordleplay.com/da/4-letter-words.html]
[wordleplay.com/da/5-letter-words.html]
[wordleplay.com/da/6-letter-words.html]
[wordleplay.com/da/7-letter-words.html]
[wordleplay.com/da/8-letter-words.html]
[wordleplay.com/da/9-letter-words.html]
[wordleplay.com/da/10-letter-words.html]
[wordleplay.com/da/11-letter-words.html]
[wordleplay.com/da/dordle.html]
[wordleplay.com/da/quordle.html]
[wordleplay.com/da/octordle.html]
[wordleplay.com/da/math-wordle.html]
[wordleplay.com/da/wordle-generator.html]
[wordleplay.com/da/tournament.html]
[wordleplay.com/ua/node_modules/smartbanner.js/dist/smartbanner.min.html]
[wordleplay.com/ua/node_modules/smartbanner.js/dist/smartbanner.min-2.html]
[wordleplay.com/ua/wordle-solver.html]
[wordleplay.com/ua/today.html]
[wordleplay.com/ua/unlimited.html]
[wordleplay.com/ua/4-letter-words.html]
[wordleplay.com/ua/5-letter-words.html]
[wordleplay.com/ua/6-letter-words.html]
[wordleplay.com/ua/7-letter-words.html]
[wordleplay.com/ua/8-letter-words.html]
[wordleplay.com/ua/9-letter-words.html]
[wordleplay.com/ua/10-letter-words.html]
[wordleplay.com/ua/11-letter-words.html]
[wordleplay.com/ua/dordle.html]
[wordleplay.com/ua/quordle.html]
[wordleplay.com/ua/octordle.html]
[wordleplay.com/ua/math-wordle.html]
[wordleplay.com/ua/wordle-generator.html]
[wordleplay.com/ua/tournament.html]
[wordleplay.com/ie/node_modules/smartbanner.js/dist/smartbanner.min.html]
[wordleplay.com/ie/node_modules/smartbanner.js/dist/smartbanner.min-2.html]
[wordleplay.com/ie/wordle-solver.html]
[wordleplay.com/ie/today.html]
[wordleplay.com/ie/unlimited.html]
[wordleplay.com/ie/4-letter-words.html]
[wordleplay.com/ie/5-letter-words.html]
[wordleplay.com/ie/6-letter-words.html]
[wordleplay.com/ie/7-letter-words.html]
[wordleplay.com/ie/8-letter-words.html]
[wordleplay.com/ie/9-letter-words.html]
[wordleplay.com/ie/10-letter-words.html]
[wordleplay.com/ie/11-letter-words.html]
[wordleplay.com/ie/dordle.html]
[wordleplay.com/ie/quordle.html]
[wordleplay.com/ie/octordle.html]
[wordleplay.com/ie/math-wordle.html]
[wordleplay.com/ie/wordle-generator.html]
[wordleplay.com/ie/tournament.html]
[wordleplay.com/ph/node_modules/smartbanner.js/dist/smartbanner.min.html]
[wordleplay.com/ph/node_modules/smartbanner.js/dist/smartbanner.min-2.html]
[wordleplay.com/ph/wordle-solver.html]
[wordleplay.com/ph/today.html]
[wordleplay.com/ph/unlimited.html]
[wordleplay.com/ph/4-letter-words.html]
[wordleplay.com/ph/5-letter-words.html]
[wordleplay.com/ph/6-letter-words.html]
[wordleplay.com/ph/7-letter-words.html]
[wordleplay.com/ph/8-letter-words.html]
[wordleplay.com/ph/9-letter-words.html]
[wordleplay.com/ph/10-letter-words.html]
[wordleplay.com/ph/11-letter-words.html]
[wordleplay.com/ph/dordle.html]
[wordleplay.com/ph/quordle.html]
[wordleplay.com/ph/octordle.html]
[wordleplay.com/ph/math-wordle.html]
[wordleplay.com/ph/wordle-generator.html]
[wordleplay.com/ph/tournament.html]
[wordleplay.com/no/node_modules/smartbanner.js/dist/smartbanner.min.html]
[wordleplay.com/no/node_modules/smartbanner.js/dist/smartbanner.min-2.html]
[wordleplay.com/no/wordle-solver.html]
[wordleplay.com/no/today.html]
[wordleplay.com/no/unlimited.html]
[wordleplay.com/no/4-letter-words.html]
[wordleplay.com/no/5-letter-words.html]
[wordleplay.com/no/6-letter-words.html]
[wordleplay.com/no/7-letter-words.html]
[wordleplay.com/no/8-letter-words.html]
[wordleplay.com/no/9-letter-words.html]
[wordleplay.com/no/10-letter-words.html]
[wordleplay.com/no/11-letter-words.html]
[wordleplay.com/no/dordle.html]
[wordleplay.com/no/quordle.html]
[wordleplay.com/no/octordle.html]
[wordleplay.com/no/math-wordle.html]
[wordleplay.com/no/wordle-generator.html]
[wordleplay.com/no/tournament.html]
[wordleplay.com/sr/node_modules/smartbanner.js/dist/smartbanner.min.html]
[wordleplay.com/sr/node_modules/smartbanner.js/dist/smartbanner.min-2.html]
[wordleplay.com/sr/wordle-solver.html]
[wordleplay.com/sr/today.html]
[wordleplay.com/sr/unlimited.html]
[wordleplay.com/sr/4-letter-words.html]
[wordleplay.com/sr/5-letter-words.html]
[wordleplay.com/sr/6-letter-words.html]
[wordleplay.com/sr/7-letter-words.html]
[wordleplay.com/sr/8-letter-words.html]
[wordleplay.com/sr/9-letter-words.html]
[wordleplay.com/sr/10-letter-words.html]
[wordleplay.com/sr/11-letter-words.html]
[wordleplay.com/sr/dordle.html]
[wordleplay.com/sr/quordle.html]
[wordleplay.com/sr/octordle.html]
[wordleplay.com/sr/math-wordle.html]
[wordleplay.com/sr/wordle-generator.html]
[wordleplay.com/sr/tournament.html]
[wordleplay.com/images/wordle-2.html]
[wordleplay.com/images/poeltl.html]
[wordleplay.com/images/star-wordle.html]
[wordleplay.com/images/crosswordle.html]
[fonts.xz.style/serve/src/inter/Inter-MediumItalic.woff2]
[fonts.xz.style/serve/src/inter/Inter-MediumItalic.woff]
[fonts.xz.style/serve/src/inter/Inter-ExtraBold.woff2]
[fonts.xz.style/serve/src/inter/Inter-ExtraBold.woff]
[fonts.xz.style/serve/src/inter/Inter-BlackItalic.woff2]
[fonts.xz.style/serve/src/inter/Inter-BlackItalic.woff]
[fonts.xz.style/serve/src/inter/Inter-Regular.woff2]
[fonts.xz.style/serve/src/inter/Inter-Regular.woff]
[fonts.xz.style/serve/src/inter/Inter-LightItalic.woff2]
[fonts.xz.style/serve/src/inter/Inter-LightItalic.woff]
[fonts.xz.style/serve/src/inter/Inter-SemiBoldItalic.woff2]
[fonts.xz.style/serve/src/inter/Inter-SemiBoldItalic.woff]
[fonts.xz.style/serve/src/inter/Inter-BoldItalic.woff2]
[fonts.xz.style/serve/src/inter/Inter-BoldItalic.woff]
[fonts.xz.style/serve/src/inter/Inter-SemiBold.woff2]
[fonts.xz.style/serve/src/inter/Inter-SemiBold.woff]
[fonts.xz.style/serve/src/inter/Inter-Black.woff2]
[fonts.xz.style/serve/src/inter/Inter-Black.woff]
[fonts.xz.style/serve/src/inter/Inter-ExtraLightItalic.woff2]
[fonts.xz.style/serve/src/inter/Inter-ExtraLightItalic.woff]
[fonts.xz.style/serve/src/inter/Inter-Light.woff2]
[fonts.xz.style/serve/src/inter/Inter-Light.woff]
[fonts.xz.style/serve/src/inter/Inter-Bold.woff2]
[fonts.xz.style/serve/src/inter/Inter-Bold.woff]
[fonts.xz.style/serve/src/inter/Inter-ExtraLight.woff2]
[fonts.xz.style/serve/src/inter/Inter-ExtraLight.woff]
[fonts.xz.style/serve/src/inter/Inter-Medium.woff2]
[fonts.xz.style/serve/src/inter/Inter-Medium.woff]
[fonts.xz.style/serve/src/inter/Inter-ExtraBoldItalic.woff2]
[fonts.xz.style/serve/src/inter/Inter-ExtraBoldItalic.woff]
[fonts.xz.style/serve/src/inter/Inter-Thin.woff2]
[fonts.xz.style/serve/src/inter/Inter-Thin.woff]
[fonts.xz.style/serve/src/inter/Inter-ThinItalic.woff2]
[fonts.xz.style/serve/src/inter/Inter-ThinItalic.woff]
[fonts.xz.style/serve/src/inter/Inter-Italic.woff2]
[fonts.xz.style/serve/src/inter/Inter-Italic.woff]
[fonts.xz.style/serve/inter.css]
[wordleplay.com/vars/crosswordle/fa1743bee4fd8c77.css]
[wordleplay.com/vars/crosswordle/a47952ee212509ce.css]
[wordleplay.com/vars/crosswordle/SSBr5JbMcdX_pawLv7LU7/_middlewareManifest.html]
[wordleplay.com/static/media/roboto-cyrillic-ext-300-normal.12d37040a0160a948ff1.html]
[wordleplay.com/static/media/roboto-all-300-normal.8fc5f5f22c9951113696.html]
[wordleplay.com/static/media/roboto-cyrillic-300-normal.48e4b37ecbc5e155460e.html]
[wordleplay.com/static/media/roboto-greek-ext-300-normal.04e05839d6a35e046c13.html]
[wordleplay.com/static/media/roboto-greek-300-normal.7c6b44c55d4d9661e3ed.html]
[wordleplay.com/static/media/roboto-vietnamese-300-normal.af9afdc10c93e4118e90.html]
[wordleplay.com/static/media/roboto-latin-ext-300-normal.a29236e0fc30e8482530.html]
[wordleplay.com/static/media/roboto-latin-300-normal.0109a2ace896a506a0aa.html]
[wordleplay.com/static/media/roboto-cyrillic-ext-400-normal.493afe7ae8ecfe268800.html]
[wordleplay.com/static/media/roboto-all-400-normal.376ea5d93f71583052f6.html]
[wordleplay.com/static/media/roboto-cyrillic-400-normal.5e493812deabd1d01e60.html]
[wordleplay.com/static/media/roboto-greek-ext-400-normal.bb723e8458c9c653e505.html]
[wordleplay.com/static/media/roboto-greek-400-normal.1cbfc636c911faa4d0ca.html]
[wordleplay.com/static/media/roboto-vietnamese-400-normal.c0bec65d01f776c00c91.html]
[wordleplay.com/static/media/roboto-latin-ext-400-normal.c3dcdbd5bb4d4af80817.html]
[wordleplay.com/static/media/roboto-latin-400-normal.4673b4537a84c7f7a130.html]
[wordleplay.com/static/media/roboto-cyrillic-ext-500-normal.3e748c93fe6a87bdedaa.html]
[wordleplay.com/static/media/roboto-all-500-normal.52cb737b682eb9661ee1.html]
[wordleplay.com/static/media/roboto-cyrillic-500-normal.d1615fb9cd7f67f5018c.html]
[wordleplay.com/static/media/roboto-greek-ext-500-normal.9c0d384f31e2c914edf3.html]
[wordleplay.com/static/media/roboto-greek-500-normal.007ca18d2cbae7381b39.html]
[wordleplay.com/static/media/roboto-vietnamese-500-normal.b8e494da1ec1f1824769.html]
[wordleplay.com/static/media/roboto-latin-ext-500-normal.feaff916fd609e310efe.html]
[wordleplay.com/static/media/roboto-latin-500-normal.869888415d0b1a99ae5c.html]
[wordleplay.com/static/media/roboto-cyrillic-ext-700-normal.b816cda3107bb21c87e1.html]
[wordleplay.com/static/media/roboto-all-700-normal.ef6d1d09b20b877fee4e.html]
[wordleplay.com/static/media/roboto-cyrillic-700-normal.0334efc0de1012200889.html]
[wordleplay.com/static/media/roboto-greek-ext-700-normal.9674bc0ae12c2551d9d1.html]
[wordleplay.com/static/media/roboto-greek-700-normal.3292e831b18d0c23d609.html]
[wordleplay.com/static/media/roboto-vietnamese-700-normal.3096f18acebc3f07020d.html]
[wordleplay.com/static/media/roboto-latin-ext-700-normal.bcf37d666ce10b3556cd.html]
[wordleplay.com/static/media/roboto-latin-700-normal.0682ca7f74351d42bf73.html]
[wordleplay.com/infinite-craft/close-white.html]
